Archive member included because of file (symbol)

C:\Users\Ben\Desktop\xBeeTransmit\SoftConsole\xBeeTransmit_MSS_MSS_CM3_0\xBeeTransmit_MSS_MSS_CM3_0_hw_platform\Debug\libxBeeTransmit_MSS_MSS_CM3_0_hw_platform.a(mss_uart.o)
                              C:/Users/Ben/Desktop/xBeeTransmit/SoftConsole/xBeeTransmit_MSS_MSS_CM3_0/xBeeTransmit_MSS_MSS_CM3_0_hw_platform/Debug/CMSIS/startup_gcc/newlib_stubs.o (g_mss_uart0)
C:\Users\Ben\Desktop\xBeeTransmit\SoftConsole\xBeeTransmit_MSS_MSS_CM3_0\xBeeTransmit_MSS_MSS_CM3_0_hw_platform\Debug\libxBeeTransmit_MSS_MSS_CM3_0_hw_platform.a(system_a2fxxxm3.o)
                              C:\Users\Ben\Desktop\xBeeTransmit\SoftConsole\xBeeTransmit_MSS_MSS_CM3_0\xBeeTransmit_MSS_MSS_CM3_0_hw_platform\Debug\libxBeeTransmit_MSS_MSS_CM3_0_hw_platform.a(mss_uart.o) (g_FrequencyPCLK0)
c:/actel/softconsole v3.3/sourcery-g++/bin/../lib/gcc/arm-none-eabi/4.4.1/../../../../arm-none-eabi/lib/thumb2\libc.a(lib_a-errno.o)
                              C:/Users/Ben/Desktop/xBeeTransmit/SoftConsole/xBeeTransmit_MSS_MSS_CM3_0/xBeeTransmit_MSS_MSS_CM3_0_hw_platform/Debug/CMSIS/startup_gcc/newlib_stubs.o (__errno)
c:/actel/softconsole v3.3/sourcery-g++/bin/../lib/gcc/arm-none-eabi/4.4.1/../../../../arm-none-eabi/lib/thumb2\libc.a(lib_a-impure.o)
                              c:/actel/softconsole v3.3/sourcery-g++/bin/../lib/gcc/arm-none-eabi/4.4.1/../../../../arm-none-eabi/lib/thumb2\libc.a(lib_a-errno.o) (_impure_ptr)
c:/actel/softconsole v3.3/sourcery-g++/bin/../lib/gcc/arm-none-eabi/4.4.1/../../../../arm-none-eabi/lib/thumb2\libc.a(lib_a-init.o)
                              C:/Users/Ben/Desktop/xBeeTransmit/SoftConsole/xBeeTransmit_MSS_MSS_CM3_0/xBeeTransmit_MSS_MSS_CM3_0_hw_platform/Debug/CMSIS/startup_gcc/startup_a2fxxxm3.o (__libc_init_array)
c:/actel/softconsole v3.3/sourcery-g++/bin/../lib/gcc/arm-none-eabi/4.4.1/../../../../arm-none-eabi/lib/thumb2\libc.a(lib_a-printf.o)
                              ./main.o (printf)
c:/actel/softconsole v3.3/sourcery-g++/bin/../lib/gcc/arm-none-eabi/4.4.1/../../../../arm-none-eabi/lib/thumb2\libc.a(lib_a-vfprintf.o)
                              c:/actel/softconsole v3.3/sourcery-g++/bin/../lib/gcc/arm-none-eabi/4.4.1/../../../../arm-none-eabi/lib/thumb2\libc.a(lib_a-printf.o) (_vfprintf_r)
c:/actel/softconsole v3.3/sourcery-g++/bin/../lib/gcc/arm-none-eabi/4.4.1/../../../../arm-none-eabi/lib/thumb2\libc.a(lib_a-wsetup.o)
                              c:/actel/softconsole v3.3/sourcery-g++/bin/../lib/gcc/arm-none-eabi/4.4.1/../../../../arm-none-eabi/lib/thumb2\libc.a(lib_a-vfprintf.o) (__swsetup_r)
c:/actel/softconsole v3.3/sourcery-g++/bin/../lib/gcc/arm-none-eabi/4.4.1/../../../../arm-none-eabi/lib/thumb2\libc.a(lib_a-dtoa.o)
                              c:/actel/softconsole v3.3/sourcery-g++/bin/../lib/gcc/arm-none-eabi/4.4.1/../../../../arm-none-eabi/lib/thumb2\libc.a(lib_a-vfprintf.o) (_dtoa_r)
c:/actel/softconsole v3.3/sourcery-g++/bin/../lib/gcc/arm-none-eabi/4.4.1/../../../../arm-none-eabi/lib/thumb2\libc.a(lib_a-fflush.o)
                              c:/actel/softconsole v3.3/sourcery-g++/bin/../lib/gcc/arm-none-eabi/4.4.1/../../../../arm-none-eabi/lib/thumb2\libc.a(lib_a-vfprintf.o) (_fflush_r)
c:/actel/softconsole v3.3/sourcery-g++/bin/../lib/gcc/arm-none-eabi/4.4.1/../../../../arm-none-eabi/lib/thumb2\libc.a(lib_a-findfp.o)
                              c:/actel/softconsole v3.3/sourcery-g++/bin/../lib/gcc/arm-none-eabi/4.4.1/../../../../arm-none-eabi/lib/thumb2\libc.a(lib_a-printf.o) (__sinit)
c:/actel/softconsole v3.3/sourcery-g++/bin/../lib/gcc/arm-none-eabi/4.4.1/../../../../arm-none-eabi/lib/thumb2\libc.a(lib_a-freer.o)
                              c:/actel/softconsole v3.3/sourcery-g++/bin/../lib/gcc/arm-none-eabi/4.4.1/../../../../arm-none-eabi/lib/thumb2\libc.a(lib_a-wsetup.o) (_free_r)
c:/actel/softconsole v3.3/sourcery-g++/bin/../lib/gcc/arm-none-eabi/4.4.1/../../../../arm-none-eabi/lib/thumb2\libc.a(lib_a-fvwrite.o)
                              c:/actel/softconsole v3.3/sourcery-g++/bin/../lib/gcc/arm-none-eabi/4.4.1/../../../../arm-none-eabi/lib/thumb2\libc.a(lib_a-vfprintf.o) (__sfvwrite_r)
c:/actel/softconsole v3.3/sourcery-g++/bin/../lib/gcc/arm-none-eabi/4.4.1/../../../../arm-none-eabi/lib/thumb2\libc.a(lib_a-fwalk.o)
                              c:/actel/softconsole v3.3/sourcery-g++/bin/../lib/gcc/arm-none-eabi/4.4.1/../../../../arm-none-eabi/lib/thumb2\libc.a(lib_a-fflush.o) (_fwalk_reent)
c:/actel/softconsole v3.3/sourcery-g++/bin/../lib/gcc/arm-none-eabi/4.4.1/../../../../arm-none-eabi/lib/thumb2\libc.a(lib_a-locale.o)
                              c:/actel/softconsole v3.3/sourcery-g++/bin/../lib/gcc/arm-none-eabi/4.4.1/../../../../arm-none-eabi/lib/thumb2\libc.a(lib_a-vfprintf.o) (_localeconv_r)
c:/actel/softconsole v3.3/sourcery-g++/bin/../lib/gcc/arm-none-eabi/4.4.1/../../../../arm-none-eabi/lib/thumb2\libc.a(lib_a-makebuf.o)
[...]
Memory Configuration

Name             Origin             Length             Attributes
ram              0x20000000         0x00010000         xrw
*default*        0x00000000         0xffffffff

Linker script and memory map

LOAD c:/actel/softconsole v3.3/sourcery-g++/bin/../lib/gcc/arm-none-eabi/4.4.1/thumb2/crti.o
LOAD c:/actel/softconsole v3.3/sourcery-g++/bin/../lib/gcc/arm-none-eabi/4.4.1/thumb2/crtbegin.o
LOAD ./main.o
LOAD C:/Users/Ben/Desktop/xBeeTransmit/SoftConsole/xBeeTransmit_MSS_MSS_CM3_0/xBeeTransmit_MSS_MSS_CM3_0_hw_platform/Debug/CMSIS/startup_gcc/startup_a2fxxxm3.o
LOAD C:/Users/Ben/Desktop/xBeeTransmit/SoftConsole/xBeeTransmit_MSS_MSS_CM3_0/xBeeTransmit_MSS_MSS_CM3_0_hw_platform/Debug/CMSIS/startup_gcc/newlib_stubs.o
LOAD C:\Users\Ben\Desktop\xBeeTransmit\SoftConsole\xBeeTransmit_MSS_MSS_CM3_0\xBeeTransmit_MSS_MSS_CM3_0_hw_platform\Debug\libxBeeTransmit_MSS_MSS_CM3_0_hw_platform.a
START GROUP
LOAD c:/actel/softconsole v3.3/sourcery-g++/bin/../lib/gcc/arm-none-eabi/4.4.1/thumb2\libgcc.a
LOAD c:/actel/softconsole v3.3/sourcery-g++/bin/../lib/gcc/arm-none-eabi/4.4.1/../../../../arm-none-eabi/lib/thumb2\libc.a
END GROUP
LOAD c:/actel/softconsole v3.3/sourcery-g++/bin/../lib/gcc/arm-none-eabi/4.4.1/thumb2/crtend.o
LOAD c:/actel/softconsole v3.3/sourcery-g++/bin/../lib/gcc/arm-none-eabi/4.4.1/thumb2/crtn.o
START GROUP
LOAD c:/actel/softconsole v3.3/sourcery-g++/bin/../lib/gcc/arm-none-eabi/4.4.1/../../../../arm-none-eabi/lib/thumb2\libc.a
LOAD c:/actel/softconsole v3.3/sourcery-g++/bin/../lib/gcc/arm-none-eabi/4.4.1/thumb2\libgcc.a
LOAD c:/actel/softconsole v3.3/sourcery-g++/bin/../lib/gcc/arm-none-eabi/4.4.1/../../../../arm-none-eabi/lib/thumb2\libm.a
END GROUP
                0x00000000                __DYNAMIC = 0x0
                0x20000000                RAM_START_ADDRESS = 0x20000000
                0x00010000                RAM_SIZE = 0x10000
                0x00002000                MAIN_STACK_SIZE = 0x2000
                0x00001000                PROCESS_STACK_SIZE = 0x1000
                0x20010000                PROVIDE (__main_stack_start, (RAM_START_ADDRESS + RAM_SIZE))
                0x2000e000                PROVIDE (__process_stack_start, (__main_stack_start - MAIN_STACK_SIZE))
                0x20010000                PROVIDE (_estack, __main_stack_start)
                0x00000000                PROVIDE (__mirrored_nvm, 0x0)

.text           0x20000000     0x7640
 CREATE_OBJECT_SYMBOLS
                0x20000000                __text_load = LOADADDR (.text)
                0x20000000                __text_start = .
                0x20000000                __vector_table_vma_base_address = .
 *(.isr_vector)
 .isr_vector    0x20000000      0x470 C:/Users/Ben/Desktop/xBeeTransmit/SoftConsole/xBeeTransmit_MSS_MSS_CM3_0/xBeeTransmit_MSS_MSS_CM3_0_hw_platform/Debug/CMSIS/startup_gcc/startup_a2fxxxm3.o
                0x20000000                g_pfnVectors
                0x20000298                Reset_Handler
                0x20000308                NMI_Handler
                0x2000030a                HardFault_Handler
                0x2000030c                MemManage_Handler
                0x2000030e                BusFault_Handler
                0x20000310                UsageFault_Handler
                0x20000312                SVC_Handler
                0x20000314                DebugMon_Handler
                0x20000316                PendSV_Handler
                0x20000318                SysTick_Handler
                0x2000031a                WdogWakeup_IRQHandler
                0x2000031c                BrownOut_1_5V_IRQHandler
                0x2000031e                BrownOut_3_3V_IRQHandler
                0x20000320                RTC_Match_IRQHandler
                0x20000322                RTCIF_Pub_IRQHandler
                0x20000324                EthernetMAC_IRQHandler
                0x20000326                IAP_IRQHandler
                0x20000328                ENVM0_IRQHandler
                0x2000032a                ENVM1_IRQHandler
                0x2000032c                DMA_IRQHandler
                0x20000332                SPI0_IRQHandler
                0x20000334                SPI1_IRQHandler
                0x20000336                I2C0_IRQHandler
                0x20000338                I2C0_SMBAlert_IRQHandler
                0x2000033a                I2C0_SMBus_IRQHandler
                0x2000033c                I2C1_IRQHandler
                0x2000033e                I2C1_SMBAlert_IRQHandler
                0x20000340                I2C1_SMBus_IRQHandler
                0x20000342                Timer1_IRQHandler
                0x20000344                Timer2_IRQHandler
                0x20000346                PLL_Lock_IRQHandler
                0x20000348                PLL_LockLost_IRQHandler
                0x2000034a                CommError_IRQHandler
                0x2000034c                Fabric_IRQHandler
                0x2000034e                GPIO0_IRQHandler
                0x20000350                GPIO1_IRQHandler
                0x20000352                GPIO2_IRQHandler
                0x20000354                GPIO3_IRQHandler
                0x20000356                GPIO4_IRQHandler
                0x20000358                GPIO5_IRQHandler
                0x2000035a                GPIO6_IRQHandler
                0x2000035c                GPIO7_IRQHandler
                0x2000035e                GPIO8_IRQHandler
                0x20000360                GPIO9_IRQHandler
                0x20000362                GPIO10_IRQHandler
                0x20000364                GPIO11_IRQHandler
                0x20000366                GPIO12_IRQHandler
                0x20000368                GPIO13_IRQHandler
                0x2000036a                GPIO14_IRQHandler
                0x2000036c                GPIO15_IRQHandler
                0x2000036e                GPIO16_IRQHandler
                0x20000370                GPIO17_IRQHandler
                0x20000372                GPIO18_IRQHandler
                0x20000374                GPIO19_IRQHandler
                0x20000376                GPIO20_IRQHandler
                0x20000378                GPIO21_IRQHandler
                0x2000037a                GPIO22_IRQHandler
                0x2000037c                GPIO23_IRQHandler
                0x2000037e                GPIO24_IRQHandler
                0x20000380                GPIO25_IRQHandler
                0x20000382                GPIO26_IRQHandler
                0x20000384                GPIO27_IRQHandler
                0x20000386                GPIO28_IRQHandler
                0x20000388                GPIO29_IRQHandler
                0x2000038a                GPIO30_IRQHandler
                0x2000038c                GPIO31_IRQHandler
                0x2000038e                ACE_PC0_Flag0_IRQHandler
                0x20000390                ACE_PC0_Flag1_IRQHandler
                0x20000392                ACE_PC0_Flag2_IRQHandler
                0x20000394                ACE_PC0_Flag3_IRQHandler
                0x20000396                ACE_PC1_Flag0_IRQHandler
                0x20000398                ACE_PC1_Flag1_IRQHandler
                0x2000039a                ACE_PC1_Flag2_IRQHandler
                0x2000039c                ACE_PC1_Flag3_IRQHandler
                0x2000039e                ACE_PC2_Flag0_IRQHandler
                0x200003a0                ACE_PC2_Flag1_IRQHandler
                0x200003a2                ACE_PC2_Flag2_IRQHandler
                0x200003a4                ACE_PC2_Flag3_IRQHandler
                0x200003a6                ACE_ADC0_DataValid_IRQHandler
                0x200003a8                ACE_ADC1_DataValid_IRQHandler
                0x200003aa                ACE_ADC2_DataValid_IRQHandler
                0x200003ac                ACE_ADC0_CalDone_IRQHandler
                0x200003ae                ACE_ADC1_CalDone_IRQHandler
                0x200003b0                ACE_ADC2_CalDone_IRQHandler
                0x200003b2                ACE_ADC0_CalStart_IRQHandler
                0x200003b4                ACE_ADC1_CalStart_IRQHandler
                0x200003b6                ACE_ADC2_CalStart_IRQHandler
                0x200003b8                ACE_Comp0_Fall_IRQHandler
                0x200003ba                ACE_Comp1_Fall_IRQHandler
                0x200003bc                ACE_Comp2_Fall_IRQHandler
                0x200003be                ACE_Comp3_Fall_IRQHandler
                0x200003c0                ACE_Comp4_Fall_IRQHandler
                0x200003c2                ACE_Comp5_Fall_IRQHandler
                0x200003c4                ACE_Comp6_Fall_IRQHandler
                0x200003c6                ACE_Comp7_Fall_IRQHandler
                0x200003c8                ACE_Comp8_Fall_IRQHandler
                0x200003ca                ACE_Comp9_Fall_IRQHandler
                0x200003cc                ACE_Comp10_Fall_IRQHandler
                0x200003ce                ACE_Comp11_Fall_IRQHandler
                0x200003d0                ACE_Comp0_Rise_IRQHandler
                0x200003d2                ACE_Comp1_Rise_IRQHandler
                0x200003d4                ACE_Comp2_Rise_IRQHandler
                0x200003d6                ACE_Comp3_Rise_IRQHandler
                0x200003d8                ACE_Comp4_Rise_IRQHandler
                0x200003da                ACE_Comp5_Rise_IRQHandler
                0x200003dc                ACE_Comp6_Rise_IRQHandler
                0x200003de                ACE_Comp7_Rise_IRQHandler
                0x200003e0                ACE_Comp8_Rise_IRQHandler
                0x200003e2                ACE_Comp9_Rise_IRQHandler
                0x200003e4                ACE_Comp10_Rise_IRQHandler
                0x200003e6                ACE_Comp11_Rise_IRQHandler
                0x200003e8                ACE_ADC0_FifoFull_IRQHandler
                0x200003ea                ACE_ADC0_FifoAFull_IRQHandler
                0x200003ec                ACE_ADC0_FifoEmpty_IRQHandler
                0x200003ee                ACE_ADC1_FifoFull_IRQHandler
                0x200003f0                ACE_ADC1_FifoAFull_IRQHandler
                0x200003f2                ACE_ADC1_FifoEmpty_IRQHandler
                0x200003f4                ACE_ADC2_FifoFull_IRQHandler
                0x200003f6                ACE_ADC2_FifoAFull_IRQHandler
                0x200003f8                ACE_ADC2_FifoEmpty_IRQHandler
                0x200003fa                ACE_PPE_Flag0_IRQHandler
                0x200003fc                ACE_PPE_Flag1_IRQHandler
                0x200003fe                ACE_PPE_Flag2_IRQHandler
                0x20000400                ACE_PPE_Flag3_IRQHandler
                0x20000402                ACE_PPE_Flag4_IRQHandler
                0x20000404                ACE_PPE_Flag5_IRQHandler
                0x20000406                ACE_PPE_Flag6_IRQHandler
                0x20000408                ACE_PPE_Flag7_IRQHandler
                0x2000040a                ACE_PPE_Flag8_IRQHandler
                0x2000040c                ACE_PPE_Flag9_IRQHandler
                0x2000040e                ACE_PPE_Flag10_IRQHandler
                0x20000410                ACE_PPE_Flag11_IRQHandler
                0x20000412                ACE_PPE_Flag12_IRQHandler
                0x20000414                ACE_PPE_Flag13_IRQHandler
                0x20000416                ACE_PPE_Flag14_IRQHandler
                0x20000418                ACE_PPE_Flag15_IRQHandler
                0x2000041a                ACE_PPE_Flag16_IRQHandler
                0x2000041c                ACE_PPE_Flag17_IRQHandler
                0x2000041e                ACE_PPE_Flag18_IRQHandler
                0x20000420                ACE_PPE_Flag19_IRQHandler
                0x20000422                ACE_PPE_Flag20_IRQHandler
                0x20000424                ACE_PPE_Flag21_IRQHandler
                0x20000426                ACE_PPE_Flag22_IRQHandler
                0x20000428                ACE_PPE_Flag23_IRQHandler
                0x2000042a                ACE_PPE_Flag24_IRQHandler
                0x2000042c                ACE_PPE_Flag25_IRQHandler
                0x2000042e                ACE_PPE_Flag26_IRQHandler
                0x20000430                ACE_PPE_Flag27_IRQHandler
                0x20000432                ACE_PPE_Flag28_IRQHandler
                0x20000434                ACE_PPE_Flag29_IRQHandler
                0x20000436                ACE_PPE_Flag30_IRQHandler
                0x20000438                ACE_PPE_Flag31_IRQHandler
 *(.text .text.* .gnu.linkonce.t.*)
 .text          0x20000470       0x30 c:/actel/softconsole v3.3/sourcery-g++/bin/../lib/gcc/arm-none-eabi/4.4.1/thumb2/crtbegin.o
 .text          0x200004a0       0x5c ./main.o
                0x200004a0                main
                0x200004cc                uart1_rx_handler
 .text._close   0x200004fc       0x18 C:/Users/Ben/Desktop/xBeeTransmit/SoftConsole/xBeeTransmit_MSS_MSS_CM3_0/xBeeTransmit_MSS_MSS_CM3_0_hw_platform/Debug/CMSIS/startup_gcc/newlib_stubs.o
                0x200004fc                _close
 .text._exit    0x20000514        0xc C:/Users/Ben/Desktop/xBeeTransmit/SoftConsole/xBeeTransmit_MSS_MSS_CM3_0/xBeeTransmit_MSS_MSS_CM3_0_hw_platform/Debug/CMSIS/startup_gcc/newlib_stubs.o
                0x20000514                _exit
 .text._fstat   0x20000520       0x24 C:/Users/Ben/Desktop/xBeeTransmit/SoftConsole/xBeeTransmit_MSS_MSS_CM3_0/xBeeTransmit_MSS_MSS_CM3_0_hw_platform/Debug/CMSIS/startup_gcc/newlib_stubs.o
                0x20000520                _fstat
 .text._isatty  0x20000544       0x18 C:/Users/Ben/Desktop/xBeeTransmit/SoftConsole/xBeeTransmit_MSS_MSS_CM3_0/xBeeTransmit_MSS_MSS_CM3_0_hw_platform/Debug/CMSIS/startup_gcc/newlib_stubs.o
                0x20000544                _isatty
 .text._lseek   0x2000055c       0x1c C:/Users/Ben/Desktop/xBeeTransmit/SoftConsole/xBeeTransmit_MSS_MSS_CM3_0/xBeeTransmit_MSS_MSS_CM3_0_hw_platform/Debug/CMSIS/startup_gcc/newlib_stubs.o
                0x2000055c                _lseek
 .text._read    0x20000578       0x1c C:/Users/Ben/Desktop/xBeeTransmit/SoftConsole/xBeeTransmit_MSS_MSS_CM3_0/xBeeTransmit_MSS_MSS_CM3_0_hw_platform/Debug/CMSIS/startup_gcc/newlib_stubs.o
                0x20000578                _read
 .text._write_r
                0x20000594       0x5c C:/Users/Ben/Desktop/xBeeTransmit/SoftConsole/xBeeTransmit_MSS_MSS_CM3_0/xBeeTransmit_MSS_MSS_CM3_0_hw_platform/Debug/CMSIS/startup_gcc/newlib_stubs.o
                0x20000594                _write_r
 .text._sbrk    0x200005f0       0x94 C:/Users/Ben/Desktop/xBeeTransmit/SoftConsole/xBeeTransmit_MSS_MSS_CM3_0/xBeeTransmit_MSS_MSS_CM3_0_hw_platform/Debug/CMSIS/startup_gcc/newlib_stubs.o
                0x200005f0                _sbrk
 .text.NVIC_EnableIRQ
                0x20000684       0x38 C:\Users\Ben\Desktop\xBeeTransmit\SoftConsole\xBeeTransmit_MSS_MSS_CM3_0\xBeeTransmit_MSS_MSS_CM3_0_hw_platform\Debug\libxBeeTransmit_MSS_MSS_CM3_0_hw_platform.a(mss_uart.o)
 .text.NVIC_ClearPendingIRQ
                0x200006bc       0x3c C:\Users\Ben\Desktop\xBeeTransmit\SoftConsole\xBeeTransmit_MSS_MSS_CM3_0\xBeeTransmit_MSS_MSS_CM3_0_hw_platform\Debug\libxBeeTransmit_MSS_MSS_CM3_0_hw_platform.a(mss_uart.o)
 .text.MSS_UART_init
                0x200006f8      0x204 C:\Users\Ben\Desktop\xBeeTransmit\SoftConsole\xBeeTransmit_MSS_MSS_CM3_0\xBeeTransmit_MSS_MSS_CM3_0_hw_platform\Debug\libxBeeTransmit_MSS_MSS_CM3_0_hw_platform.a(mss_uart.o)
                0x200006f8                MSS_UART_init
 .text.MSS_UART_polled_tx
                0x200008fc       0xe4 C:\Users\Ben\Desktop\xBeeTransmit\SoftConsole\xBeeTransmit_MSS_MSS_CM3_0\xBeeTransmit_MSS_MSS_CM3_0_hw_platform\Debug\libxBeeTransmit_MSS_MSS_CM3_0_hw_platform.a(mss_uart.o)
                0x200008fc                MSS_UART_polled_tx
 .text.MSS_UART_get_rx
                0x200009e0       0xdc C:\Users\Ben\Desktop\xBeeTransmit\SoftConsole\xBeeTransmit_MSS_MSS_CM3_0\xBeeTransmit_MSS_MSS_CM3_0_hw_platform\Debug\libxBeeTransmit_MSS_MSS_CM3_0_hw_platform.a(mss_uart.o)
                0x200009e0                MSS_UART_get_rx
 .text.MSS_UART_isr
                0x20000abc      0x11c C:\Users\Ben\Desktop\xBeeTransmit\SoftConsole\xBeeTransmit_MSS_MSS_CM3_0\xBeeTransmit_MSS_MSS_CM3_0_hw_platform\Debug\libxBeeTransmit_MSS_MSS_CM3_0_hw_platform.a(mss_uart.o)
 .text.default_tx_handler
                0x20000bd8      0x108 C:\Users\Ben\Desktop\xBeeTransmit\SoftConsole\xBeeTransmit_MSS_MSS_CM3_0\xBeeTransmit_MSS_MSS_CM3_0_hw_platform\Debug\libxBeeTransmit_MSS_MSS_CM3_0_hw_platform.a(mss_uart.o)
 .text.MSS_UART_set_rx_handler
                0x20000ce0       0xa8 C:\Users\Ben\Desktop\xBeeTransmit\SoftConsole\xBeeTransmit_MSS_MSS_CM3_0\xBeeTransmit_MSS_MSS_CM3_0_hw_platform\Debug\libxBeeTransmit_MSS_MSS_CM3_0_hw_platform.a(mss_uart.o)
                0x20000ce0                MSS_UART_set_rx_handler
 .text.UART0_IRQHandler
                0x20000d88       0x2c C:\Users\Ben\Desktop\xBeeTransmit\SoftConsole\xBeeTransmit_MSS_MSS_CM3_0\xBeeTransmit_MSS_MSS_CM3_0_hw_platform\Debug\libxBeeTransmit_MSS_MSS_CM3_0_hw_platform.a(mss_uart.o)
                0x20000d88                UART0_IRQHandler
 .text.UART1_IRQHandler
                0x20000db4       0x2c C:\Users\Ben\Desktop\xBeeTransmit\SoftConsole\xBeeTransmit_MSS_MSS_CM3_0\xBeeTransmit_MSS_MSS_CM3_0_hw_platform\Debug\libxBeeTransmit_MSS_MSS_CM3_0_hw_platform.a(mss_uart.o)
                0x20000db4                UART1_IRQHandler
 .text.SystemInit
                0x20000de0        0xc C:\Users\Ben\Desktop\xBeeTransmit\SoftConsole\xBeeTransmit_MSS_MSS_CM3_0\xBeeTransmit_MSS_MSS_CM3_0_hw_platform\Debug\libxBeeTransmit_MSS_MSS_CM3_0_hw_platform.a(system_a2fxxxm3.o)
                0x20000de0                SystemInit
 .text.SystemCoreClockUpdate
                0x20000dec      0x150 C:\Users\Ben\Desktop\xBeeTransmit\SoftConsole\xBeeTransmit_MSS_MSS_CM3_0\xBeeTransmit_MSS_MSS_CM3_0_hw_platform\Debug\libxBeeTransmit_MSS_MSS_CM3_0_hw_platform.a(system_a2fxxxm3.o)
                0x20000dec                SystemCoreClockUpdate
 .text.GetSystemClock
                0x20000f3c       0xe8 C:\Users\Ben\Desktop\xBeeTransmit\SoftConsole\xBeeTransmit_MSS_MSS_CM3_0\xBeeTransmit_MSS_MSS_CM3_0_hw_platform\Debug\libxBeeTransmit_MSS_MSS_CM3_0_hw_platform.a(system_a2fxxxm3.o)
 .text          0x20001024       0x50 c:/actel/softconsole v3.3/sourcery-g++/bin/../lib/gcc/arm-none-eabi/4.4.1/../../../../arm-none-eabi/lib/thumb2\libc.a(lib_a-init.o)
                0x20001024                __libc_init_array
 .text          0x20001074       0x64 c:/actel/softconsole v3.3/sourcery-g++/bin/../lib/gcc/arm-none-eabi/4.4.1/../../../../arm-none-eabi/lib/thumb2\libc.a(lib_a-printf.o)
                0x20001074                printf
                0x200010ac                _printf_r
 .text          0x200010d8     0x1940 c:/actel/softconsole v3.3/sourcery-g++/bin/../lib/gcc/arm-none-eabi/4.4.1/../../../../arm-none-eabi/lib/thumb2\libc.a(lib_a-vfprintf.o)
                0x200010f4                _vfprintf_r
                0x200029fc                vfprintf
 .text          0x20002a18      0x104 c:/actel/softconsole v3.3/sourcery-g++/bin/../lib/gcc/arm-none-eabi/4.4.1/../../../../arm-none-eabi/lib/thumb2\libc.a(lib_a-wsetup.o)
                0x20002a18                __swsetup_r
 *fill*         0x20002b1c        0x4 00
 .text          0x20002b20      0xfb8 c:/actel/softconsole v3.3/sourcery-g++/bin/../lib/gcc/arm-none-eabi/4.4.1/../../../../arm-none-eabi/lib/thumb2\libc.a(lib_a-dtoa.o)
                0x20002c40                _dtoa_r
 .text          0x20003ad8      0x178 c:/actel/softconsole v3.3/sourcery-g++/bin/../lib/gcc/arm-none-eabi/4.4.1/../../../../arm-none-eabi/lib/thumb2\libc.a(lib_a-fflush.o)
                0x20003ad8                _fflush_r
                0x20003c28                fflush
 .text          0x20003c50      0x1c8 c:/actel/softconsole v3.3/sourcery-g++/bin/../lib/gcc/arm-none-eabi/4.4.1/../../../../arm-none-eabi/lib/thumb2\libc.a(lib_a-findfp.o)
                0x20003c50                __sfp_lock_acquire
                0x20003c54                __sfp_lock_release
                0x20003c58                __sinit_lock_acquire
                0x20003c5c                __sinit_lock_release
                0x20003c68                __fp_unlock_all
                0x20003c80                __fp_lock_all
                0x20003c98                _cleanup_r
                0x20003ca4                _cleanup
                0x20003d00                __sfmoreglue
                0x20003d30                __sfp
                0x20003db8                __sinit
 .text          0x20003e18      0x268 c:/actel/softconsole v3.3/sourcery-g++/bin/../lib/gcc/arm-none-eabi/4.4.1/../../../../arm-none-eabi/lib/thumb2\libc.a(lib_a-freer.o)
                0x20003e18                _malloc_trim_r
                0x20003ec0                _free_r
 .text          0x20004080      0x334 c:/actel/softconsole v3.3/sourcery-g++/bin/../lib/gcc/arm-none-eabi/4.4.1/../../../../arm-none-eabi/lib/thumb2\libc.a(lib_a-fvwrite.o)
                0x20004080                __sfvwrite_r
 .text          0x200043b4       0xa0 c:/actel/softconsole v3.3/sourcery-g++/bin/../lib/gcc/arm-none-eabi/4.4.1/../../../../arm-none-eabi/lib/thumb2\libc.a(lib_a-fwalk.o)
                0x200043b4                _fwalk_reent
                0x20004408                _fwalk
 .text          0x20004454       0x74 c:/actel/softconsole v3.3/sourcery-g++/bin/../lib/gcc/arm-none-eabi/4.4.1/../../../../arm-none-eabi/lib/thumb2\libc.a(lib_a-locale.o)
                0x20004454                __locale_charset
                0x20004460                _localeconv_r
                0x20004468                localeconv
                0x20004470                _setlocale_r
                0x200044b8                setlocale
 .text          0x200044c8       0xdc c:/actel/softconsole v3.3/sourcery-g++/bin/../lib/gcc/arm-none-eabi/4.4.1/../../../../arm-none-eabi/lib/thumb2\libc.a(lib_a-makebuf.o)
                0x200044c8                __smakebuf_r
 .text          0x200045a4       0x20 c:/actel/softconsole v3.3/sourcery-g++/bin/../lib/gcc/arm-none-eabi/4.4.1/../../../../arm-none-eabi/lib/thumb2\libc.a(lib_a-malloc.o)
                0x200045a4                free
                0x200045b4                malloc
 .text          0x200045c4      0x5a4 c:/actel/softconsole v3.3/sourcery-g++/bin/../lib/gcc/arm-none-eabi/4.4.1/../../../../arm-none-eabi/lib/thumb2\libc.a(lib_a-mallocr.o)
                0x200045c4                _malloc_r
 .text          0x20004b68       0x74 c:/actel/softconsole v3.3/sourcery-g++/bin/../lib/gcc/arm-none-eabi/4.4.1/../../../../arm-none-eabi/lib/thumb2\libc.a(lib_a-memchr.o)
                0x20004b68                memchr
 .text          0x20004bdc      0x190 c:/actel/softconsole v3.3/sourcery-g++/bin/../lib/gcc/arm-none-eabi/4.4.1/../../../../arm-none-eabi/lib/thumb2\libc.a(lib_a-memcpy.o)
                0x20004bdc                memcpy
 .text          0x20004d6c       0xb8 c:/actel/softconsole v3.3/sourcery-g++/bin/../lib/gcc/arm-none-eabi/4.4.1/../../../../arm-none-eabi/lib/thumb2\libc.a(lib_a-memmove.o)
                0x20004d6c                memmove
 .text          0x20004e24       0xd4 c:/actel/softconsole v3.3/sourcery-g++/bin/../lib/gcc/arm-none-eabi/4.4.1/../../../../arm-none-eabi/lib/thumb2\libc.a(lib_a-memset.o)
                0x20004e24                memset
 .text          0x20004ef8        0x8 c:/actel/softconsole v3.3/sourcery-g++/bin/../lib/gcc/arm-none-eabi/4.4.1/../../../../arm-none-eabi/lib/thumb2\libc.a(lib_a-mlock.o)
                0x20004ef8                __malloc_lock
                0x20004efc                __malloc_unlock
 .text          0x20004f00      0x958 c:/actel/softconsole v3.3/sourcery-g++/bin/../lib/gcc/arm-none-eabi/4.4.1/../../../../arm-none-eabi/lib/thumb2\libc.a(lib_a-mprec.o)
                0x20004f00                __hi0bits
                0x20004f40                __lo0bits
                0x20004fa4                __mcmp
                0x20004fe4                __ulp
                0x20005030                __b2d
                0x200050d8                __ratio
                0x20005138                _mprec_log10
                0x20005170                __copybits
                0x200051c0                __any_on
                0x20005218                _Bfree
                0x20005250                _Balloc
                0x200052bc                __d2b
                0x2000538c                __mdiff
                0x20005484                __lshift
                0x20005540                __multiply
                0x20005674                __i2b
                0x20005688                __multadd
                0x20005710                __pow5mult
                0x200057bc                __s2b
 .text          0x20005858      0x3b4 c:/actel/softconsole v3.3/sourcery-g++/bin/../lib/gcc/arm-none-eabi/4.4.1/../../../../arm-none-eabi/lib/thumb2\libc.a(lib_a-reallocr.o)
                0x20005858                _realloc_r
 .text          0x20005c0c       0x24 c:/actel/softconsole v3.3/sourcery-g++/bin/../lib/gcc/arm-none-eabi/4.4.1/../../../../arm-none-eabi/lib/thumb2\libc.a(lib_a-s_isinfd.o)
                0x20005c0c                __isinfd
 .text          0x20005c30       0x1c c:/actel/softconsole v3.3/sourcery-g++/bin/../lib/gcc/arm-none-eabi/4.4.1/../../../../arm-none-eabi/lib/thumb2\libc.a(lib_a-s_isnand.o)
                0x20005c30                __isnand
 .text          0x20005c4c       0x28 c:/actel/softconsole v3.3/sourcery-g++/bin/../lib/gcc/arm-none-eabi/4.4.1/../../../../arm-none-eabi/lib/thumb2\libc.a(lib_a-sbrkr.o)
                0x20005c4c                _sbrk_r
 .text          0x20005c74       0x90 c:/actel/softconsole v3.3/sourcery-g++/bin/../lib/gcc/arm-none-eabi/4.4.1/../../../../arm-none-eabi/lib/thumb2\libc.a(lib_a-stdio.o)
                0x20005c74                __sclose
                0x20005c7c                __sseek
                0x20005ca4                __swrite
                0x20005ce0                __sread
 .text          0x20005d04      0x1dc c:/actel/softconsole v3.3/sourcery-g++/bin/../lib/gcc/arm-none-eabi/4.4.1/../../../../arm-none-eabi/lib/thumb2\libc.a(lib_a-strcmp.o)
                0x20005d04                strcmp
 .text          0x20005ee0       0x60 c:/actel/softconsole v3.3/sourcery-g++/bin/../lib/gcc/arm-none-eabi/4.4.1/../../../../arm-none-eabi/lib/thumb2\libc.a(lib_a-strlen.o)
                0x20005ee0                strlen
 .text          0x20005f40       0x5c c:/actel/softconsole v3.3/sourcery-g++/bin/../lib/gcc/arm-none-eabi/4.4.1/../../../../arm-none-eabi/lib/thumb2\libc.a(lib_a-callocr.o)
                0x20005f40                _calloc_r
 .text          0x20005f9c       0x28 c:/actel/softconsole v3.3/sourcery-g++/bin/../lib/gcc/arm-none-eabi/4.4.1/../../../../arm-none-eabi/lib/thumb2\libc.a(lib_a-closer.o)
                0x20005f9c                _close_r
 .text          0x20005fc4       0xcc c:/actel/softconsole v3.3/sourcery-g++/bin/../lib/gcc/arm-none-eabi/4.4.1/../../../../arm-none-eabi/lib/thumb2\libc.a(lib_a-fclose.o)
                0x20005fc4                _fclose_r
                0x20006080                fclose
 .text          0x20006090       0x2c c:/actel/softconsole v3.3/sourcery-g++/bin/../lib/gcc/arm-none-eabi/4.4.1/../../../../arm-none-eabi/lib/thumb2\libc.a(lib_a-fstatr.o)
                0x20006090                _fstat_r
 .text          0x200060bc       0x28 c:/actel/softconsole v3.3/sourcery-g++/bin/../lib/gcc/arm-none-eabi/4.4.1/../../../../arm-none-eabi/lib/thumb2\libc.a(lib_a-isattyr.o)
                0x200060bc                _isatty_r
 .text          0x200060e4       0x2c c:/actel/softconsole v3.3/sourcery-g++/bin/../lib/gcc/arm-none-eabi/4.4.1/../../../../arm-none-eabi/lib/thumb2\libc.a(lib_a-lseekr.o)
                0x200060e4                _lseek_r
 .text          0x20006110       0x2c c:/actel/softconsole v3.3/sourcery-g++/bin/../lib/gcc/arm-none-eabi/4.4.1/../../../../arm-none-eabi/lib/thumb2\libc.a(lib_a-readr.o)
                0x20006110                _read_r
 *fill*         0x2000613c        0x4 00
 .text          0x20006140      0x278 c:/actel/softconsole v3.3/sourcery-g++/bin/../lib/gcc/arm-none-eabi/4.4.1/thumb2\libgcc.a(_udivsi3.o)
                0x20006140                __aeabi_uidiv
                0x20006140                __udivsi3
                0x2000639c                __aeabi_uidivmod
 .text          0x200063b8        0x4 c:/actel/softconsole v3.3/sourcery-g++/bin/../lib/gcc/arm-none-eabi/4.4.1/thumb2\libgcc.a(_dvmd_tls.o)
                0x200063b8                __aeabi_idiv0
                0x200063b8                __aeabi_ldiv0
 .text          0x200063bc      0x370 c:/actel/softconsole v3.3/sourcery-g++/bin/../lib/gcc/arm-none-eabi/4.4.1/thumb2\libgcc.a(_arm_addsubdf3.o)
                0x200063bc                __aeabi_drsub
                0x200063c4                __aeabi_dsub
                0x200063c4                __subdf3
                0x200063c8                __aeabi_dadd
                0x200063c8                __adddf3
                0x20006640                __floatunsidf
                0x20006640                __aeabi_ui2d
                0x20006660                __floatsidf
                0x20006660                __aeabi_i2d
                0x20006684                __aeabi_f2d
                0x20006684                __extendsfdf2
                0x200066c0                __floatundidf
                0x200066c0                __aeabi_ul2d
                0x200066d0                __floatdidf
                0x200066d0                __aeabi_l2d
 .text          0x2000672c      0x424 c:/actel/softconsole v3.3/sourcery-g++/bin/../lib/gcc/arm-none-eabi/4.4.1/thumb2\libgcc.a(_arm_muldivdf3.o)
                0x2000672c                __aeabi_dmul
                0x2000672c                __muldf3
                0x20006980                __divdf3
                0x20006980                __aeabi_ddiv
 .text          0x20006b50      0x110 c:/actel/softconsole v3.3/sourcery-g++/bin/../lib/gcc/arm-none-eabi/4.4.1/thumb2\libgcc.a(_arm_cmpdf2.o)
                0x20006b50                __gtdf2
                0x20006b50                __gedf2
                0x20006b58                __ltdf2
                0x20006b58                __ledf2
                0x20006b60                __nedf2
                0x20006b60                __eqdf2
                0x20006b60                __cmpdf2
                0x20006bdc                __aeabi_cdrcmple
                0x20006bec                __aeabi_cdcmpeq
                0x20006bec                __aeabi_cdcmple
                0x20006bfc                __aeabi_dcmpeq
                0x20006c10                __aeabi_dcmplt
                0x20006c24                __aeabi_dcmple
                0x20006c38                __aeabi_dcmpge
                0x20006c4c                __aeabi_dcmpgt
 .text          0x20006c60       0x50 c:/actel/softconsole v3.3/sourcery-g++/bin/../lib/gcc/arm-none-eabi/4.4.1/thumb2\libgcc.a(_arm_fixdfsi.o)
                0x20006c60                __aeabi_d2iz
                0x20006c60                __fixdfsi
 .text          0x20006cb0       0x2c c:/actel/softconsole v3.3/sourcery-g++/bin/../lib/gcc/arm-none-eabi/4.4.1/thumb2\libgcc.a(_aeabi_uldivmod.o)
                0x20006cb0                __aeabi_uldivmod
 .text          0x20006cdc       0x58 c:/actel/softconsole v3.3/sourcery-g++/bin/../lib/gcc/arm-none-eabi/4.4.1/thumb2\libgcc.a(bpabi.o)
                0x20006cdc                __gnu_uldivmod_helper
                0x20006d08                __gnu_ldivmod_helper
 .text          0x20006d34      0x364 c:/actel/softconsole v3.3/sourcery-g++/bin/../lib/gcc/arm-none-eabi/4.4.1/thumb2\libgcc.a(_divdi3.o)
                0x20006d34                __divdi3
 .text          0x20007098      0x300 c:/actel/softconsole v3.3/sourcery-g++/bin/../lib/gcc/arm-none-eabi/4.4.1/thumb2\libgcc.a(_udivdi3.o)
                0x20007098                __udivdi3
 *(.plt)
 *(.gnu.warning)
 *(.glue_7t)
 .glue_7t       0x00000000        0x0 linker stubs
 *(.glue_7)
 .glue_7        0x00000000        0x0 linker stubs
 *(.vfp11_veneer)
 .vfp11_veneer  0x00000000        0x0 linker stubs
                0x20007398                . = ALIGN (0x4)
 *crtbegin.o(.ctors)
 *(EXCLUDE_FILE(*crtend.o) .ctors)
 *(SORT(.ctors.*))
 *crtend.o(.ctors)
 *crtbegin.o(.dtors)
 *(EXCLUDE_FILE(*crtend.o) .dtors)
 *(SORT(.dtors.*))
 *crtend.o(.dtors)
 *(.rodata .rodata.* .gnu.linkonce.r.*)
 .rodata.str1.4
                0x20007398       0x14 ./main.o
 .rodata        0x200073ac       0x1c C:/Users/Ben/Desktop/xBeeTransmit/SoftConsole/xBeeTransmit_MSS_MSS_CM3_0/xBeeTransmit_MSS_MSS_CM3_0_hw_platform/Debug/CMSIS/startup_gcc/newlib_stubs.o
 .rodata.C.18.2576
                0x200073c8       0x10 C:\Users\Ben\Desktop\xBeeTransmit\SoftConsole\xBeeTransmit_MSS_MSS_CM3_0\xBeeTransmit_MSS_MSS_CM3_0_hw_platform\Debug\libxBeeTransmit_MSS_MSS_CM3_0_hw_platform.a(system_a2fxxxm3.o)
 .rodata        0x200073d8        0x4 c:/actel/softconsole v3.3/sourcery-g++/bin/../lib/gcc/arm-none-eabi/4.4.1/../../../../arm-none-eabi/lib/thumb2\libc.a(lib_a-impure.o)
                0x200073d8                _global_impure_ptr
 .rodata.str1.4
                0x200073dc        0x2 c:/actel/softconsole v3.3/sourcery-g++/bin/../lib/gcc/arm-none-eabi/4.4.1/../../../../arm-none-eabi/lib/thumb2\libc.a(lib_a-impure.o)
                                  0x4 (size before relaxing)
 *fill*         0x200073de        0x2 00
 .rodata        0x200073e0       0x20 c:/actel/softconsole v3.3/sourcery-g++/bin/../lib/gcc/arm-none-eabi/4.4.1/../../../../arm-none-eabi/lib/thumb2\libc.a(lib_a-vfprintf.o)
 .rodata.str1.4
                0x20007400       0x42 c:/actel/softconsole v3.3/sourcery-g++/bin/../lib/gcc/arm-none-eabi/4.4.1/../../../../arm-none-eabi/lib/thumb2\libc.a(lib_a-vfprintf.o)
                                 0x44 (size before relaxing)
 *fill*         0x20007442        0x2 00
 .rodata.str1.4
                0x20007444       0x10 c:/actel/softconsole v3.3/sourcery-g++/bin/../lib/gcc/arm-none-eabi/4.4.1/../../../../arm-none-eabi/lib/thumb2\libc.a(lib_a-dtoa.o)
                                 0x14 (size before relaxing)
 .rodata        0x20007454       0x60 c:/actel/softconsole v3.3/sourcery-g++/bin/../lib/gcc/arm-none-eabi/4.4.1/../../../../arm-none-eabi/lib/thumb2\libc.a(lib_a-findfp.o)
                0x20007454                __sf_fake_stdin
                0x20007474                __sf_fake_stdout
                0x20007494                __sf_fake_stderr
 .rodata        0x200074b4       0x34 c:/actel/softconsole v3.3/sourcery-g++/bin/../lib/gcc/arm-none-eabi/4.4.1/../../../../arm-none-eabi/lib/thumb2\libc.a(lib_a-locale.o)
 .rodata.str1.4
                0x200074e8       0x10 c:/actel/softconsole v3.3/sourcery-g++/bin/../lib/gcc/arm-none-eabi/4.4.1/../../../../arm-none-eabi/lib/thumb2\libc.a(lib_a-locale.o)
                                 0x18 (size before relaxing)
 .rodata        0x200074f8      0x128 c:/actel/softconsole v3.3/sourcery-g++/bin/../lib/gcc/arm-none-eabi/4.4.1/../../../../arm-none-eabi/lib/thumb2\libc.a(lib_a-mprec.o)
                0x200074f8                __mprec_tens
                0x200075d0                __mprec_bigtens
                0x200075f8                __mprec_tinytens
 *(.ARM.extab* .gnu.linkonce.armextab.*)
 *(.gcc_except_table)
 *(.eh_frame_hdr)
 *(.eh_frame)
 *(.init)
 .init          0x20007620        0x4 c:/actel/softconsole v3.3/sourcery-g++/bin/../lib/gcc/arm-none-eabi/4.4.1/thumb2/crti.o
                0x20007620                _init
 .init          0x20007624        0x8 c:/actel/softconsole v3.3/sourcery-g++/bin/../lib/gcc/arm-none-eabi/4.4.1/thumb2/crtn.o
 *(.fini)
 .fini          0x2000762c        0x4 c:/actel/softconsole v3.3/sourcery-g++/bin/../lib/gcc/arm-none-eabi/4.4.1/thumb2/crti.o
                0x2000762c                _fini
 .fini          0x20007630        0x8 c:/actel/softconsole v3.3/sourcery-g++/bin/../lib/gcc/arm-none-eabi/4.4.1/thumb2/crtn.o
                0x20007638                PROVIDE (__preinit_array_start, .)
 *(.preinit_array)
                0x20007638                PROVIDE (__preinit_array_end, .)
                0x20007638                PROVIDE (__init_array_start, .)
 *(SORT(.init_array.*))
 *(.init_array)
 .init_array    0x20007638        0x4 c:/actel/softconsole v3.3/sourcery-g++/bin/../lib/gcc/arm-none-eabi/4.4.1/thumb2/crtbegin.o
                0x2000763c                PROVIDE (__init_array_end, .)
                0x2000763c                PROVIDE (__fini_array_start, .)
 *(.fini_array)
 .fini_array    0x2000763c        0x4 c:/actel/softconsole v3.3/sourcery-g++/bin/../lib/gcc/arm-none-eabi/4.4.1/thumb2/crtbegin.o
 *(SORT(.fini_array.*))
                0x20007640                PROVIDE (__fini_array_end, .)
                0x20007640                __exidx_start = .

.v4_bx          0x20007640        0x0
 .v4_bx         0x00000000        0x0 linker stubs

.ARM.exidx      0x20007640        0x8
 *(.ARM.exidx* .gnu.linkonce.armexidx.*)
 .ARM.exidx     0x20007640        0x8 c:/actel/softconsole v3.3/sourcery-g++/bin/../lib/gcc/arm-none-eabi/4.4.1/thumb2\libgcc.a(_divdi3.o)
 .ARM.exidx     0x20007648        0x0 c:/actel/softconsole v3.3/sourcery-g++/bin/../lib/gcc/arm-none-eabi/4.4.1/thumb2\libgcc.a(_udivdi3.o)
                                  0x8 (size before relaxing)
                0x20007648                __exidx_end = .
                0x20007648                _etext = .
                0x20007648                PROVIDE (__text_end, .)

.data           0x20007648      0x520
                0x20007648                __data_load = LOADADDR (.data)
                0x20007648                _sidata = LOADADDR (.data)
                0x20007648                __data_start = .
                0x20007648                _sdata = .
 *(.jcr)
 .jcr           0x20007648        0x0 c:/actel/softconsole v3.3/sourcery-g++/bin/../lib/gcc/arm-none-eabi/4.4.1/thumb2/crtbegin.o
 .jcr           0x20007648        0x4 c:/actel/softconsole v3.3/sourcery-g++/bin/../lib/gcc/arm-none-eabi/4.4.1/thumb2/crtend.o
 *(.got.plt)
 *(.got)
 *(.shdata)
 *(.data .data.* .gnu.linkonce.d.*)
 .data.SystemFrequency
                0x2000764c        0x4 C:\Users\Ben\Desktop\xBeeTransmit\SoftConsole\xBeeTransmit_MSS_MSS_CM3_0\xBeeTransmit_MSS_MSS_CM3_0_hw_platform\Debug\libxBeeTransmit_MSS_MSS_CM3_0_hw_platform.a(system_a2fxxxm3.o)
                0x2000764c                SystemFrequency
 .data.SystemCoreClock
                0x20007650        0x4 C:\Users\Ben\Desktop\xBeeTransmit\SoftConsole\xBeeTransmit_MSS_MSS_CM3_0\xBeeTransmit_MSS_MSS_CM3_0_hw_platform\Debug\libxBeeTransmit_MSS_MSS_CM3_0_hw_platform.a(system_a2fxxxm3.o)
                0x20007650                SystemCoreClock
 .data.g_FrequencyPCLK0
                0x20007654        0x4 C:\Users\Ben\Desktop\xBeeTransmit\SoftConsole\xBeeTransmit_MSS_MSS_CM3_0\xBeeTransmit_MSS_MSS_CM3_0_hw_platform\Debug\libxBeeTransmit_MSS_MSS_CM3_0_hw_platform.a(system_a2fxxxm3.o)
                0x20007654                g_FrequencyPCLK0
 .data.g_FrequencyPCLK1
                0x20007658        0x4 C:\Users\Ben\Desktop\xBeeTransmit\SoftConsole\xBeeTransmit_MSS_MSS_CM3_0\xBeeTransmit_MSS_MSS_CM3_0_hw_platform\Debug\libxBeeTransmit_MSS_MSS_CM3_0_hw_platform.a(system_a2fxxxm3.o)
                0x20007658                g_FrequencyPCLK1
 .data.g_FrequencyACE
                0x2000765c        0x4 C:\Users\Ben\Desktop\xBeeTransmit\SoftConsole\xBeeTransmit_MSS_MSS_CM3_0\xBeeTransmit_MSS_MSS_CM3_0_hw_platform\Debug\libxBeeTransmit_MSS_MSS_CM3_0_hw_platform.a(system_a2fxxxm3.o)
                0x2000765c                g_FrequencyACE
 .data.g_FrequencyFPGA
                0x20007660        0x4 C:\Users\Ben\Desktop\xBeeTransmit\SoftConsole\xBeeTransmit_MSS_MSS_CM3_0\xBeeTransmit_MSS_MSS_CM3_0_hw_platform\Debug\libxBeeTransmit_MSS_MSS_CM3_0_hw_platform.a(system_a2fxxxm3.o)
                0x20007660                g_FrequencyFPGA
 .data          0x20007664       0xf4 c:/actel/softconsole v3.3/sourcery-g++/bin/../lib/gcc/arm-none-eabi/4.4.1/../../../../arm-none-eabi/lib/thumb2\libc.a(lib_a-impure.o)
                0x20007664                _impure_ptr
 .data          0x20007758      0x410 c:/actel/softconsole v3.3/sourcery-g++/bin/../lib/gcc/arm-none-eabi/4.4.1/../../../../arm-none-eabi/lib/thumb2\libc.a(lib_a-mallocr.o)
                0x20007758                __malloc_av_
                0x20007b60                __malloc_sbrk_base
                0x20007b64                __malloc_trim_threshold
                0x20007b68                . = ALIGN (0x4)
                0x20007b68                _edata = .

.bss            0x20007b68       0xa0
                0x20007b68                __bss_start__ = .
                0x20007b68                _sbss = .
 *(.shbss)
 *(.bss .bss.* .gnu.linkonce.b.*)
 .bss           0x20007b68        0x1 c:/actel/softconsole v3.3/sourcery-g++/bin/../lib/gcc/arm-none-eabi/4.4.1/thumb2/crtbegin.o
 .bss           0x20007b69        0x1 ./main.o
                0x20007b69                g_rx_idx
 *fill*         0x20007b6a        0x2 00
 .bss.g_stdio_uart_init_done
                0x20007b6c        0x4 C:/Users/Ben/Desktop/xBeeTransmit/SoftConsole/xBeeTransmit_MSS_MSS_CM3_0/xBeeTransmit_MSS_MSS_CM3_0_hw_platform/Debug/CMSIS/startup_gcc/newlib_stubs.o
 .bss.heap_end.3594
                0x20007b70        0x4 C:/Users/Ben/Desktop/xBeeTransmit/SoftConsole/xBeeTransmit_MSS_MSS_CM3_0/xBeeTransmit_MSS_MSS_CM3_0_hw_platform/Debug/CMSIS/startup_gcc/newlib_stubs.o
 .bss           0x20007b74       0x34 c:/actel/softconsole v3.3/sourcery-g++/bin/../lib/gcc/arm-none-eabi/4.4.1/../../../../arm-none-eabi/lib/thumb2\libc.a(lib_a-mallocr.o)
                0x20007b74                __malloc_top_pad
                0x20007b78                __malloc_current_mallinfo
                0x20007ba0                __malloc_max_sbrked_mem
                0x20007ba4                __malloc_max_total_mem
 *(COMMON)
 COMMON         0x20007ba8        0x8 ./main.o
                0x20007ba8                g_rx_buff
 COMMON         0x20007bb0       0x50 C:\Users\Ben\Desktop\xBeeTransmit\SoftConsole\xBeeTransmit_MSS_MSS_CM3_0\xBeeTransmit_MSS_MSS_CM3_0_hw_platform\Debug\libxBeeTransmit_MSS_MSS_CM3_0_hw_platform.a(mss_uart.o)
                0x20007bb0                g_mss_uart1
                0x20007bd8                g_mss_uart0
 COMMON         0x20007c00        0x4 c:/actel/softconsole v3.3/sourcery-g++/bin/../lib/gcc/arm-none-eabi/4.4.1/../../../../arm-none-eabi/lib/thumb2\libc.a(lib_a-reent.o)
                0x20007c00                errno
                0x20007c08                . = ALIGN (0x8)
 *fill*         0x20007c04        0x4 00
                0x20007c08                __bss_end__ = .
                0x20007c08                _end = .
                0x20007c08                __end = _end
                0x20007c08                _ebss = .
                0x20007c08                PROVIDE (end, .)

.stack          0x20007c08     0x3000
                0x20007c08                . = ALIGN (0x4)
                0x20008c08                . = (. + PROCESS_STACK_SIZE)
 *fill*         0x20007c08     0x1000 00
                0x20008c08                . = ALIGN (0x4)
                0x2000ac08                . = (. + MAIN_STACK_SIZE)
 *fill*         0x20008c08     0x2000 00
                0x2000ac08                . = ALIGN (0x4)

.stab
 *(.stab)

.stabstr
 *(.stabstr)

.debug
 *(.debug)

.line
 *(.line)

.debug_srcinfo
 *(.debug_srcinfo)

.debug_sfnames
 *(.debug_sfnames)

.comment        0x00000000       0xac
 .comment       0x00000000       0x2b ./main.o
 .comment       0x0000002b       0x2b C:/Users/Ben/Desktop/xBeeTransmit/SoftConsole/xBeeTransmit_MSS_MSS_CM3_0/xBeeTransmit_MSS_MSS_CM3_0_hw_platform/Debug/CMSIS/startup_gcc/newlib_stubs.o
 .comment       0x00000056       0x2b C:\Users\Ben\Desktop\xBeeTransmit\SoftConsole\xBeeTransmit_MSS_MSS_CM3_0\xBeeTransmit_MSS_MSS_CM3_0_hw_platform\Debug\libxBeeTransmit_MSS_MSS_CM3_0_hw_platform.a(mss_uart.o)
 .comment       0x00000081       0x2b C:\Users\Ben\Desktop\xBeeTransmit\SoftConsole\xBeeTransmit_MSS_MSS_CM3_0\xBeeTransmit_MSS_MSS_CM3_0_hw_platform\Debug\libxBeeTransmit_MSS_MSS_CM3_0_hw_platform.a(system_a2fxxxm3.o)

.debug_aranges  0x00000000      0x1d0
 *(.debug_aranges)
 .debug_aranges
                0x00000000       0x20 ./main.o
 .debug_aranges
                0x00000020       0xa8 C:/Users/Ben/Desktop/xBeeTransmit/SoftConsole/xBeeTransmit_MSS_MSS_CM3_0/xBeeTransmit_MSS_MSS_CM3_0_hw_platform/Debug/CMSIS/startup_gcc/newlib_stubs.o
 .debug_aranges
                0x000000c8       0xd8 C:\Users\Ben\Desktop\xBeeTransmit\SoftConsole\xBeeTransmit_MSS_MSS_CM3_0\xBeeTransmit_MSS_MSS_CM3_0_hw_platform\Debug\libxBeeTransmit_MSS_MSS_CM3_0_hw_platform.a(mss_uart.o)
 .debug_aranges
                0x000001a0       0x30 C:\Users\Ben\Desktop\xBeeTransmit\SoftConsole\xBeeTransmit_MSS_MSS_CM3_0\xBeeTransmit_MSS_MSS_CM3_0_hw_platform\Debug\libxBeeTransmit_MSS_MSS_CM3_0_hw_platform.a(system_a2fxxxm3.o)

.debug_pubnames
                0x00000000      0x406
 *(.debug_pubnames)
 .debug_pubnames
                0x00000000       0x4b ./main.o
 .debug_pubnames
                0x0000004b       0xeb C:/Users/Ben/Desktop/xBeeTransmit/SoftConsole/xBeeTransmit_MSS_MSS_CM3_0/xBeeTransmit_MSS_MSS_CM3_0_hw_platform/Debug/CMSIS/startup_gcc/newlib_stubs.o
 .debug_pubnames
                0x00000136      0x21c C:\Users\Ben\Desktop\xBeeTransmit\SoftConsole\xBeeTransmit_MSS_MSS_CM3_0\xBeeTransmit_MSS_MSS_CM3_0_hw_platform\Debug\libxBeeTransmit_MSS_MSS_CM3_0_hw_platform.a(mss_uart.o)
 .debug_pubnames
                0x00000352       0xb4 C:\Users\Ben\Desktop\xBeeTransmit\SoftConsole\xBeeTransmit_MSS_MSS_CM3_0\xBeeTransmit_MSS_MSS_CM3_0_hw_platform\Debug\libxBeeTransmit_MSS_MSS_CM3_0_hw_platform.a(system_a2fxxxm3.o)

.debug_info     0x00000000     0x370f
 *(.debug_info .gnu.linkonce.wi.*)
 .debug_info    0x00000000      0xb3f ./main.o
 .debug_info    0x00000b3f     0x10f0 C:/Users/Ben/Desktop/xBeeTransmit/SoftConsole/xBeeTransmit_MSS_MSS_CM3_0/xBeeTransmit_MSS_MSS_CM3_0_hw_platform/Debug/CMSIS/startup_gcc/newlib_stubs.o
 .debug_info    0x00001c2f     0x15a4 C:\Users\Ben\Desktop\xBeeTransmit\SoftConsole\xBeeTransmit_MSS_MSS_CM3_0\xBeeTransmit_MSS_MSS_CM3_0_hw_platform\Debug\libxBeeTransmit_MSS_MSS_CM3_0_hw_platform.a(mss_uart.o)
 .debug_info    0x000031d3      0x53c C:\Users\Ben\Desktop\xBeeTransmit\SoftConsole\xBeeTransmit_MSS_MSS_CM3_0\xBeeTransmit_MSS_MSS_CM3_0_hw_platform\Debug\libxBeeTransmit_MSS_MSS_CM3_0_hw_platform.a(system_a2fxxxm3.o)

.debug_abbrev   0x00000000      0x6dc
 *(.debug_abbrev)
 .debug_abbrev  0x00000000      0x192 ./main.o
 .debug_abbrev  0x00000192      0x1f4 C:/Users/Ben/Desktop/xBeeTransmit/SoftConsole/xBeeTransmit_MSS_MSS_CM3_0/xBeeTransmit_MSS_MSS_CM3_0_hw_platform/Debug/CMSIS/startup_gcc/newlib_stubs.o
 .debug_abbrev  0x00000386      0x245 C:\Users\Ben\Desktop\xBeeTransmit\SoftConsole\xBeeTransmit_MSS_MSS_CM3_0\xBeeTransmit_MSS_MSS_CM3_0_hw_platform\Debug\libxBeeTransmit_MSS_MSS_CM3_0_hw_platform.a(mss_uart.o)
 .debug_abbrev  0x000005cb      0x111 C:\Users\Ben\Desktop\xBeeTransmit\SoftConsole\xBeeTransmit_MSS_MSS_CM3_0\xBeeTransmit_MSS_MSS_CM3_0_hw_platform\Debug\libxBeeTransmit_MSS_MSS_CM3_0_hw_platform.a(system_a2fxxxm3.o)

.debug_line     0x00000000     0x10d9
 *(.debug_line)
 .debug_line    0x00000000      0x40c ./main.o
 .debug_line    0x0000040c      0x4f9 C:/Users/Ben/Desktop/xBeeTransmit/SoftConsole/xBeeTransmit_MSS_MSS_CM3_0/xBeeTransmit_MSS_MSS_CM3_0_hw_platform/Debug/CMSIS/startup_gcc/newlib_stubs.o
 .debug_line    0x00000905      0x565 C:\Users\Ben\Desktop\xBeeTransmit\SoftConsole\xBeeTransmit_MSS_MSS_CM3_0\xBeeTransmit_MSS_MSS_CM3_0_hw_platform\Debug\libxBeeTransmit_MSS_MSS_CM3_0_hw_platform.a(mss_uart.o)
 .debug_line    0x00000e6a      0x26f C:\Users\Ben\Desktop\xBeeTransmit\SoftConsole\xBeeTransmit_MSS_MSS_CM3_0\xBeeTransmit_MSS_MSS_CM3_0_hw_platform\Debug\libxBeeTransmit_MSS_MSS_CM3_0_hw_platform.a(system_a2fxxxm3.o)

.debug_frame    0x00000000     0x11b0
 *(.debug_frame)
 .debug_frame   0x00000000       0x40 ./main.o
 .debug_frame   0x00000040      0x220 C:/Users/Ben/Desktop/xBeeTransmit/SoftConsole/xBeeTransmit_MSS_MSS_CM3_0/xBeeTransmit_MSS_MSS_CM3_0_hw_platform/Debug/CMSIS/startup_gcc/newlib_stubs.o
 .debug_frame   0x00000260      0x2e4 C:\Users\Ben\Desktop\xBeeTransmit\SoftConsole\xBeeTransmit_MSS_MSS_CM3_0\xBeeTransmit_MSS_MSS_CM3_0_hw_platform\Debug\libxBeeTransmit_MSS_MSS_CM3_0_hw_platform.a(mss_uart.o)
 .debug_frame   0x00000544       0x64 C:\Users\Ben\Desktop\xBeeTransmit\SoftConsole\xBeeTransmit_MSS_MSS_CM3_0\xBeeTransmit_MSS_MSS_CM3_0_hw_platform\Debug\libxBeeTransmit_MSS_MSS_CM3_0_hw_platform.a(system_a2fxxxm3.o)
 .debug_frame   0x000005a8       0x20 c:/actel/softconsole v3.3/sourcery-g++/bin/../lib/gcc/arm-none-eabi/4.4.1/../../../../arm-none-eabi/lib/thumb2\libc.a(lib_a-errno.o)
 .debug_frame   0x000005c8       0x2c c:/actel/softconsole v3.3/sourcery-g++/bin/../lib/gcc/arm-none-eabi/4.4.1/../../../../arm-none-eabi/lib/thumb2\libc.a(lib_a-init.o)
 .debug_frame   0x000005f4       0x5c c:/actel/softconsole v3.3/sourcery-g++/bin/../lib/gcc/arm-none-eabi/4.4.1/../../../../arm-none-eabi/lib/thumb2\libc.a(lib_a-printf.o)
 .debug_frame   0x00000650       0x70 c:/actel/softconsole v3.3/sourcery-g++/bin/../lib/gcc/arm-none-eabi/4.4.1/../../../../arm-none-eabi/lib/thumb2\libc.a(lib_a-vfprintf.o)
 .debug_frame   0x000006c0       0x2c c:/actel/softconsole v3.3/sourcery-g++/bin/../lib/gcc/arm-none-eabi/4.4.1/../../../../arm-none-eabi/lib/thumb2\libc.a(lib_a-wsetup.o)
 .debug_frame   0x000006ec       0x64 c:/actel/softconsole v3.3/sourcery-g++/bin/../lib/gcc/arm-none-eabi/4.4.1/../../../../arm-none-eabi/lib/thumb2\libc.a(lib_a-dtoa.o)
 .debug_frame   0x00000750       0x40 c:/actel/softconsole v3.3/sourcery-g++/bin/../lib/gcc/arm-none-eabi/4.4.1/../../../../arm-none-eabi/lib/thumb2\libc.a(lib_a-fflush.o)
 .debug_frame   0x00000790      0x11c c:/actel/softconsole v3.3/sourcery-g++/bin/../lib/gcc/arm-none-eabi/4.4.1/../../../../arm-none-eabi/lib/thumb2\libc.a(lib_a-findfp.o)
 .debug_frame   0x000008ac       0x50 c:/actel/softconsole v3.3/sourcery-g++/bin/../lib/gcc/arm-none-eabi/4.4.1/../../../../arm-none-eabi/lib/thumb2\libc.a(lib_a-freer.o)
 .debug_frame   0x000008fc       0x3c c:/actel/softconsole v3.3/sourcery-g++/bin/../lib/gcc/arm-none-eabi/4.4.1/../../../../arm-none-eabi/lib/thumb2\libc.a(lib_a-fvwrite.o)
 .debug_frame   0x00000938       0x54 c:/actel/softconsole v3.3/sourcery-g++/bin/../lib/gcc/arm-none-eabi/4.4.1/../../../../arm-none-eabi/lib/thumb2\libc.a(lib_a-fwalk.o)
 .debug_frame   0x0000098c       0x6c c:/actel/softconsole v3.3/sourcery-g++/bin/../lib/gcc/arm-none-eabi/4.4.1/../../../../arm-none-eabi/lib/thumb2\libc.a(lib_a-locale.o)
 .debug_frame   0x000009f8       0x34 c:/actel/softconsole v3.3/sourcery-g++/bin/../lib/gcc/arm-none-eabi/4.4.1/../../../../arm-none-eabi/lib/thumb2\libc.a(lib_a-makebuf.o)
 .debug_frame   0x00000a2c       0x30 c:/actel/softconsole v3.3/sourcery-g++/bin/../lib/gcc/arm-none-eabi/4.4.1/../../../../arm-none-eabi/lib/thumb2\libc.a(lib_a-malloc.o)
 .debug_frame   0x00000a5c       0x3c c:/actel/softconsole v3.3/sourcery-g++/bin/../lib/gcc/arm-none-eabi/4.4.1/../../../../arm-none-eabi/lib/thumb2\libc.a(lib_a-mallocr.o)
 .debug_frame   0x00000a98       0x28 c:/actel/softconsole v3.3/sourcery-g++/bin/../lib/gcc/arm-none-eabi/4.4.1/../../../../arm-none-eabi/lib/thumb2\libc.a(lib_a-memchr.o)
 .debug_frame   0x00000ac0       0x34 c:/actel/softconsole v3.3/sourcery-g++/bin/../lib/gcc/arm-none-eabi/4.4.1/../../../../arm-none-eabi/lib/thumb2\libc.a(lib_a-memcpy.o)
 .debug_frame   0x00000af4       0x2c c:/actel/softconsole v3.3/sourcery-g++/bin/../lib/gcc/arm-none-eabi/4.4.1/../../../../arm-none-eabi/lib/thumb2\libc.a(lib_a-memmove.o)
 .debug_frame   0x00000b20       0x28 c:/actel/softconsole v3.3/sourcery-g++/bin/../lib/gcc/arm-none-eabi/4.4.1/../../../../arm-none-eabi/lib/thumb2\libc.a(lib_a-memset.o)
 .debug_frame   0x00000b48       0x30 c:/actel/softconsole v3.3/sourcery-g++/bin/../lib/gcc/arm-none-eabi/4.4.1/../../../../arm-none-eabi/lib/thumb2\libc.a(lib_a-mlock.o)
 .debug_frame   0x00000b78      0x240 c:/actel/softconsole v3.3/sourcery-g++/bin/../lib/gcc/arm-none-eabi/4.4.1/../../../../arm-none-eabi/lib/thumb2\libc.a(lib_a-mprec.o)
 .debug_frame   0x00000db8       0x3c c:/actel/softconsole v3.3/sourcery-g++/bin/../lib/gcc/arm-none-eabi/4.4.1/../../../../arm-none-eabi/lib/thumb2\libc.a(lib_a-reallocr.o)
 .debug_frame   0x00000df4       0x20 c:/actel/softconsole v3.3/sourcery-g++/bin/../lib/gcc/arm-none-eabi/4.4.1/../../../../arm-none-eabi/lib/thumb2\libc.a(lib_a-s_isinfd.o)
 .debug_frame   0x00000e14       0x20 c:/actel/softconsole v3.3/sourcery-g++/bin/../lib/gcc/arm-none-eabi/4.4.1/../../../../arm-none-eabi/lib/thumb2\libc.a(lib_a-s_isnand.o)
 .debug_frame   0x00000e34       0x2c c:/actel/softconsole v3.3/sourcery-g++/bin/../lib/gcc/arm-none-eabi/4.4.1/../../../../arm-none-eabi/lib/thumb2\libc.a(lib_a-sbrkr.o)
 .debug_frame   0x00000e60       0x70 c:/actel/softconsole v3.3/sourcery-g++/bin/../lib/gcc/arm-none-eabi/4.4.1/../../../../arm-none-eabi/lib/thumb2\libc.a(lib_a-stdio.o)
 .debug_frame   0x00000ed0       0x30 c:/actel/softconsole v3.3/sourcery-g++/bin/../lib/gcc/arm-none-eabi/4.4.1/../../../../arm-none-eabi/lib/thumb2\libc.a(lib_a-strcmp.o)
 .debug_frame   0x00000f00       0x20 c:/actel/softconsole v3.3/sourcery-g++/bin/../lib/gcc/arm-none-eabi/4.4.1/../../../../arm-none-eabi/lib/thumb2\libc.a(lib_a-strlen.o)
 .debug_frame   0x00000f20       0x2c c:/actel/softconsole v3.3/sourcery-g++/bin/../lib/gcc/arm-none-eabi/4.4.1/../../../../arm-none-eabi/lib/thumb2\libc.a(lib_a-callocr.o)
 .debug_frame   0x00000f4c       0x2c c:/actel/softconsole v3.3/sourcery-g++/bin/../lib/gcc/arm-none-eabi/4.4.1/../../../../arm-none-eabi/lib/thumb2\libc.a(lib_a-closer.o)
 .debug_frame   0x00000f78       0x3c c:/actel/softconsole v3.3/sourcery-g++/bin/../lib/gcc/arm-none-eabi/4.4.1/../../../../arm-none-eabi/lib/thumb2\libc.a(lib_a-fclose.o)
 .debug_frame   0x00000fb4       0x2c c:/actel/softconsole v3.3/sourcery-g++/bin/../lib/gcc/arm-none-eabi/4.4.1/../../../../arm-none-eabi/lib/thumb2\libc.a(lib_a-fstatr.o)
 .debug_frame   0x00000fe0       0x2c c:/actel/softconsole v3.3/sourcery-g++/bin/../lib/gcc/arm-none-eabi/4.4.1/../../../../arm-none-eabi/lib/thumb2\libc.a(lib_a-isattyr.o)
 .debug_frame   0x0000100c       0x2c c:/actel/softconsole v3.3/sourcery-g++/bin/../lib/gcc/arm-none-eabi/4.4.1/../../../../arm-none-eabi/lib/thumb2\libc.a(lib_a-lseekr.o)
 .debug_frame   0x00001038       0x2c c:/actel/softconsole v3.3/sourcery-g++/bin/../lib/gcc/arm-none-eabi/4.4.1/../../../../arm-none-eabi/lib/thumb2\libc.a(lib_a-readr.o)
 .debug_frame   0x00001064       0x64 c:/actel/softconsole v3.3/sourcery-g++/bin/../lib/gcc/arm-none-eabi/4.4.1/../../../../arm-none-eabi/lib/thumb2\libc.a(lib_a-reent.o)
 .debug_frame   0x000010c8       0x20 c:/actel/softconsole v3.3/sourcery-g++/bin/../lib/gcc/arm-none-eabi/4.4.1/thumb2\libgcc.a(_udivsi3.o)
 .debug_frame   0x000010e8       0x50 c:/actel/softconsole v3.3/sourcery-g++/bin/../lib/gcc/arm-none-eabi/4.4.1/thumb2\libgcc.a(bpabi.o)
 .debug_frame   0x00001138       0x3c c:/actel/softconsole v3.3/sourcery-g++/bin/../lib/gcc/arm-none-eabi/4.4.1/thumb2\libgcc.a(_divdi3.o)
 .debug_frame   0x00001174       0x3c c:/actel/softconsole v3.3/sourcery-g++/bin/../lib/gcc/arm-none-eabi/4.4.1/thumb2\libgcc.a(_udivdi3.o)

.debug_str      0x00000000     0x17c5
 *(.debug_str)
 .debug_str     0x00000000      0xee0 ./main.o
                                0xf54 (size before relaxing)
 .debug_str     0x00000ee0      0x288 C:/Users/Ben/Desktop/xBeeTransmit/SoftConsole/xBeeTransmit_MSS_MSS_CM3_0/xBeeTransmit_MSS_MSS_CM3_0_hw_platform/Debug/CMSIS/startup_gcc/newlib_stubs.o
                               0x10b6 (size before relaxing)
 .debug_str     0x00001168      0x566 C:\Users\Ben\Desktop\xBeeTransmit\SoftConsole\xBeeTransmit_MSS_MSS_CM3_0\xBeeTransmit_MSS_MSS_CM3_0_hw_platform\Debug\libxBeeTransmit_MSS_MSS_CM3_0_hw_platform.a(mss_uart.o)
                               0x14c7 (size before relaxing)
 .debug_str     0x000016ce       0xf7 C:\Users\Ben\Desktop\xBeeTransmit\SoftConsole\xBeeTransmit_MSS_MSS_CM3_0\xBeeTransmit_MSS_MSS_CM3_0_hw_platform\Debug\libxBeeTransmit_MSS_MSS_CM3_0_hw_platform.a(system_a2fxxxm3.o)
                                0x46a (size before relaxing)

.debug_loc      0x00000000      0x9c0
 *(.debug_loc)
 .debug_loc     0x00000000       0x51 ./main.o
 .debug_loc     0x00000051      0x3c6 C:/Users/Ben/Desktop/xBeeTransmit/SoftConsole/xBeeTransmit_MSS_MSS_CM3_0/xBeeTransmit_MSS_MSS_CM3_0_hw_platform/Debug/CMSIS/startup_gcc/newlib_stubs.o
 .debug_loc     0x00000417      0x510 C:\Users\Ben\Desktop\xBeeTransmit\SoftConsole\xBeeTransmit_MSS_MSS_CM3_0\xBeeTransmit_MSS_MSS_CM3_0_hw_platform\Debug\libxBeeTransmit_MSS_MSS_CM3_0_hw_platform.a(mss_uart.o)
 .debug_loc     0x00000927       0x99 C:\Users\Ben\Desktop\xBeeTransmit\SoftConsole\xBeeTransmit_MSS_MSS_CM3_0\xBeeTransmit_MSS_MSS_CM3_0_hw_platform\Debug\libxBeeTransmit_MSS_MSS_CM3_0_hw_platform.a(system_a2fxxxm3.o)

.debug_macinfo  0x00000000    0x1ec3c
 *(.debug_macinfo)
 .debug_macinfo
                0x00000000     0x945a ./main.o
 .debug_macinfo
                0x0000945a     0x9965 C:/Users/Ben/Desktop/xBeeTransmit/SoftConsole/xBeeTransmit_MSS_MSS_CM3_0/xBeeTransmit_MSS_MSS_CM3_0_hw_platform/Debug/CMSIS/startup_gcc/newlib_stubs.o
 .debug_macinfo
                0x00012dbf     0x63e4 C:\Users\Ben\Desktop\xBeeTransmit\SoftConsole\xBeeTransmit_MSS_MSS_CM3_0\xBeeTransmit_MSS_MSS_CM3_0_hw_platform\Debug\libxBeeTransmit_MSS_MSS_CM3_0_hw_platform.a(mss_uart.o)
 .debug_macinfo
                0x000191a3     0x5a99 C:\Users\Ben\Desktop\xBeeTransmit\SoftConsole\xBeeTransmit_MSS_MSS_CM3_0\xBeeTransmit_MSS_MSS_CM3_0_hw_platform\Debug\libxBeeTransmit_MSS_MSS_CM3_0_hw_platform.a(system_a2fxxxm3.o)

.debug_weaknames
 *(.debug_weaknames)

.debug_funcnames
 *(.debug_funcnames)

.debug_typenames
 *(.debug_typenames)

.debug_varnames
 *(.debug_varnames)

.note.gnu.arm.ident
 *(.note.gnu.arm.ident)

.ARM.attributes
                0x00000000       0x25
 *(.ARM.attributes)
 .ARM.attributes
                0x00000000       0x19 c:/actel/softconsole v3.3/sourcery-g++/bin/../lib/gcc/arm-none-eabi/4.4.1/thumb2/crti.o
 .ARM.attributes
                0x00000019       0x29 c:/actel/softconsole v3.3/sourcery-g++/bin/../lib/gcc/arm-none-eabi/4.4.1/thumb2/crtbegin.o
 .ARM.attributes
                0x00000042       0x31 ./main.o
 .ARM.attributes
                0x00000073       0x21 C:/Users/Ben/Desktop/xBeeTransmit/SoftConsole/xBeeTransmit_MSS_MSS_CM3_0/xBeeTransmit_MSS_MSS_CM3_0_hw_platform/Debug/CMSIS/startup_gcc/startup_a2fxxxm3.o
 .ARM.attributes
                0x00000094       0x31 C:/Users/Ben/Desktop/xBeeTransmit/SoftConsole/xBeeTransmit_MSS_MSS_CM3_0/xBeeTransmit_MSS_MSS_CM3_0_hw_platform/Debug/CMSIS/startup_gcc/newlib_stubs.o
 .ARM.attributes
                0x000000c5       0x31 C:\Users\Ben\Desktop\xBeeTransmit\SoftConsole\xBeeTransmit_MSS_MSS_CM3_0\xBeeTransmit_MSS_MSS_CM3_0_hw_platform\Debug\libxBeeTransmit_MSS_MSS_CM3_0_hw_platform.a(mss_uart.o)
 .ARM.attributes
                0x000000f6       0x31 C:\Users\Ben\Desktop\xBeeTransmit\SoftConsole\xBeeTransmit_MSS_MSS_CM3_0\xBeeTransmit_MSS_MSS_CM3_0_hw_platform\Debug\libxBeeTransmit_MSS_MSS_CM3_0_hw_platform.a(system_a2fxxxm3.o)
 .ARM.attributes
                0x00000127       0x29 c:/actel/softconsole v3.3/sourcery-g++/bin/../lib/gcc/arm-none-eabi/4.4.1/../../../../arm-none-eabi/lib/thumb2\libc.a(lib_a-errno.o)
 .ARM.attributes
                0x00000150       0x29 c:/actel/softconsole v3.3/sourcery-g++/bin/../lib/gcc/arm-none-eabi/4.4.1/../../../../arm-none-eabi/lib/thumb2\libc.a(lib_a-impure.o)
 .ARM.attributes
                0x00000179       0x29 c:/actel/softconsole v3.3/sourcery-g++/bin/../lib/gcc/arm-none-eabi/4.4.1/../../../../arm-none-eabi/lib/thumb2\libc.a(lib_a-init.o)
 .ARM.attributes
                0x000001a2       0x29 c:/actel/softconsole v3.3/sourcery-g++/bin/../lib/gcc/arm-none-eabi/4.4.1/../../../../arm-none-eabi/lib/thumb2\libc.a(lib_a-printf.o)
 .ARM.attributes
                0x000001cb       0x29 c:/actel/softconsole v3.3/sourcery-g++/bin/../lib/gcc/arm-none-eabi/4.4.1/../../../../arm-none-eabi/lib/thumb2\libc.a(lib_a-vfprintf.o)
 .ARM.attributes
                0x000001f4       0x29 c:/actel/softconsole v3.3/sourcery-g++/bin/../lib/gcc/arm-none-eabi/4.4.1/../../../../arm-none-eabi/lib/thumb2\libc.a(lib_a-wsetup.o)
 .ARM.attributes
                0x0000021d       0x29 c:/actel/softconsole v3.3/sourcery-g++/bin/../lib/gcc/arm-none-eabi/4.4.1/../../../../arm-none-eabi/lib/thumb2\libc.a(lib_a-dtoa.o)
 .ARM.attributes
                0x00000246       0x29 c:/actel/softconsole v3.3/sourcery-g++/bin/../lib/gcc/arm-none-eabi/4.4.1/../../../../arm-none-eabi/lib/thumb2\libc.a(lib_a-fflush.o)
 .ARM.attributes
                0x0000026f       0x29 c:/actel/softconsole v3.3/sourcery-g++/bin/../lib/gcc/arm-none-eabi/4.4.1/../../../../arm-none-eabi/lib/thumb2\libc.a(lib_a-findfp.o)
 .ARM.attributes
                0x00000298       0x29 c:/actel/softconsole v3.3/sourcery-g++/bin/../lib/gcc/arm-none-eabi/4.4.1/../../../../arm-none-eabi/lib/thumb2\libc.a(lib_a-freer.o)
 .ARM.attributes
                0x000002c1       0x29 c:/actel/softconsole v3.3/sourcery-g++/bin/../lib/gcc/arm-none-eabi/4.4.1/../../../../arm-none-eabi/lib/thumb2\libc.a(lib_a-fvwrite.o)
 .ARM.attributes
                0x000002ea       0x29 c:/actel/softconsole v3.3/sourcery-g++/bin/../lib/gcc/arm-none-eabi/4.4.1/../../../../arm-none-eabi/lib/thumb2\libc.a(lib_a-fwalk.o)
 .ARM.attributes
                0x00000313       0x29 c:/actel/softconsole v3.3/sourcery-g++/bin/../lib/gcc/arm-none-eabi/4.4.1/../../../../arm-none-eabi/lib/thumb2\libc.a(lib_a-locale.o)
 .ARM.attributes
                0x0000033c       0x29 c:/actel/softconsole v3.3/sourcery-g++/bin/../lib/gcc/arm-none-eabi/4.4.1/../../../../arm-none-eabi/lib/thumb2\libc.a(lib_a-makebuf.o)
 .ARM.attributes
                0x00000365       0x29 c:/actel/softconsole v3.3/sourcery-g++/bin/../lib/gcc/arm-none-eabi/4.4.1/../../../../arm-none-eabi/lib/thumb2\libc.a(lib_a-malloc.o)
 .ARM.attributes
                0x0000038e       0x29 c:/actel/softconsole v3.3/sourcery-g++/bin/../lib/gcc/arm-none-eabi/4.4.1/../../../../arm-none-eabi/lib/thumb2\libc.a(lib_a-mallocr.o)
 .ARM.attributes
                0x000003b7       0x29 c:/actel/softconsole v3.3/sourcery-g++/bin/../lib/gcc/arm-none-eabi/4.4.1/../../../../arm-none-eabi/lib/thumb2\libc.a(lib_a-memchr.o)
 .ARM.attributes
                0x000003e0       0x29 c:/actel/softconsole v3.3/sourcery-g++/bin/../lib/gcc/arm-none-eabi/4.4.1/../../../../arm-none-eabi/lib/thumb2\libc.a(lib_a-memcpy.o)
 .ARM.attributes
                0x00000409       0x29 c:/actel/softconsole v3.3/sourcery-g++/bin/../lib/gcc/arm-none-eabi/4.4.1/../../../../arm-none-eabi/lib/thumb2\libc.a(lib_a-memmove.o)
 .ARM.attributes
                0x00000432       0x29 c:/actel/softconsole v3.3/sourcery-g++/bin/../lib/gcc/arm-none-eabi/4.4.1/../../../../arm-none-eabi/lib/thumb2\libc.a(lib_a-memset.o)
 .ARM.attributes
                0x0000045b       0x29 c:/actel/softconsole v3.3/sourcery-g++/bin/../lib/gcc/arm-none-eabi/4.4.1/../../../../arm-none-eabi/lib/thumb2\libc.a(lib_a-mlock.o)
 .ARM.attributes
                0x00000484       0x29 c:/actel/softconsole v3.3/sourcery-g++/bin/../lib/gcc/arm-none-eabi/4.4.1/../../../../arm-none-eabi/lib/thumb2\libc.a(lib_a-mprec.o)
 .ARM.attributes
                0x000004ad       0x29 c:/actel/softconsole v3.3/sourcery-g++/bin/../lib/gcc/arm-none-eabi/4.4.1/../../../../arm-none-eabi/lib/thumb2\libc.a(lib_a-reallocr.o)
 .ARM.attributes
                0x000004d6       0x29 c:/actel/softconsole v3.3/sourcery-g++/bin/../lib/gcc/arm-none-eabi/4.4.1/../../../../arm-none-eabi/lib/thumb2\libc.a(lib_a-s_isinfd.o)
 .ARM.attributes
                0x000004ff       0x29 c:/actel/softconsole v3.3/sourcery-g++/bin/../lib/gcc/arm-none-eabi/4.4.1/../../../../arm-none-eabi/lib/thumb2\libc.a(lib_a-s_isnand.o)
 .ARM.attributes
                0x00000528       0x29 c:/actel/softconsole v3.3/sourcery-g++/bin/../lib/gcc/arm-none-eabi/4.4.1/../../../../arm-none-eabi/lib/thumb2\libc.a(lib_a-sbrkr.o)
 .ARM.attributes
                0x00000551       0x29 c:/actel/softconsole v3.3/sourcery-g++/bin/../lib/gcc/arm-none-eabi/4.4.1/../../../../arm-none-eabi/lib/thumb2\libc.a(lib_a-stdio.o)
 .ARM.attributes
                0x0000057a       0x29 c:/actel/softconsole v3.3/sourcery-g++/bin/../lib/gcc/arm-none-eabi/4.4.1/../../../../arm-none-eabi/lib/thumb2\libc.a(lib_a-strcmp.o)
 .ARM.attributes
                0x000005a3       0x29 c:/actel/softconsole v3.3/sourcery-g++/bin/../lib/gcc/arm-none-eabi/4.4.1/../../../../arm-none-eabi/lib/thumb2\libc.a(lib_a-strlen.o)
 .ARM.attributes
                0x000005cc       0x29 c:/actel/softconsole v3.3/sourcery-g++/bin/../lib/gcc/arm-none-eabi/4.4.1/../../../../arm-none-eabi/lib/thumb2\libc.a(lib_a-callocr.o)
 .ARM.attributes
                0x000005f5       0x29 c:/actel/softconsole v3.3/sourcery-g++/bin/../lib/gcc/arm-none-eabi/4.4.1/../../../../arm-none-eabi/lib/thumb2\libc.a(lib_a-closer.o)
 .ARM.attributes
                0x0000061e       0x29 c:/actel/softconsole v3.3/sourcery-g++/bin/../lib/gcc/arm-none-eabi/4.4.1/../../../../arm-none-eabi/lib/thumb2\libc.a(lib_a-fclose.o)
 .ARM.attributes
                0x00000647       0x29 c:/actel/softconsole v3.3/sourcery-g++/bin/../lib/gcc/arm-none-eabi/4.4.1/../../../../arm-none-eabi/lib/thumb2\libc.a(lib_a-fstatr.o)
 .ARM.attributes
                0x00000670       0x29 c:/actel/softconsole v3.3/sourcery-g++/bin/../lib/gcc/arm-none-eabi/4.4.1/../../../../arm-none-eabi/lib/thumb2\libc.a(lib_a-isattyr.o)
 .ARM.attributes
                0x00000699       0x29 c:/actel/softconsole v3.3/sourcery-g++/bin/../lib/gcc/arm-none-eabi/4.4.1/../../../../arm-none-eabi/lib/thumb2\libc.a(lib_a-lseekr.o)
 .ARM.attributes
                0x000006c2       0x29 c:/actel/softconsole v3.3/sourcery-g++/bin/../lib/gcc/arm-none-eabi/4.4.1/../../../../arm-none-eabi/lib/thumb2\libc.a(lib_a-readr.o)
 .ARM.attributes
                0x000006eb       0x29 c:/actel/softconsole v3.3/sourcery-g++/bin/../lib/gcc/arm-none-eabi/4.4.1/../../../../arm-none-eabi/lib/thumb2\libc.a(lib_a-reent.o)
 .ARM.attributes
                0x00000714       0x1b c:/actel/softconsole v3.3/sourcery-g++/bin/../lib/gcc/arm-none-eabi/4.4.1/thumb2\libgcc.a(_udivsi3.o)
 .ARM.attributes
                0x0000072f       0x1b c:/actel/softconsole v3.3/sourcery-g++/bin/../lib/gcc/arm-none-eabi/4.4.1/thumb2\libgcc.a(_dvmd_tls.o)
 .ARM.attributes
                0x0000074a       0x1b c:/actel/softconsole v3.3/sourcery-g++/bin/../lib/gcc/arm-none-eabi/4.4.1/thumb2\libgcc.a(_arm_addsubdf3.o)
 .ARM.attributes
                0x00000765       0x1b c:/actel/softconsole v3.3/sourcery-g++/bin/../lib/gcc/arm-none-eabi/4.4.1/thumb2\libgcc.a(_arm_muldivdf3.o)
 .ARM.attributes
                0x00000780       0x1b c:/actel/softconsole v3.3/sourcery-g++/bin/../lib/gcc/arm-none-eabi/4.4.1/thumb2\libgcc.a(_arm_cmpdf2.o)
 .ARM.attributes
                0x0000079b       0x1b c:/actel/softconsole v3.3/sourcery-g++/bin/../lib/gcc/arm-none-eabi/4.4.1/thumb2\libgcc.a(_arm_fixdfsi.o)
 .ARM.attributes
                0x000007b6       0x1b c:/actel/softconsole v3.3/sourcery-g++/bin/../lib/gcc/arm-none-eabi/4.4.1/thumb2\libgcc.a(_aeabi_uldivmod.o)
 .ARM.attributes
                0x000007d1       0x29 c:/actel/softconsole v3.3/sourcery-g++/bin/../lib/gcc/arm-none-eabi/4.4.1/thumb2\libgcc.a(bpabi.o)
 .ARM.attributes
                0x000007fa       0x29 c:/actel/softconsole v3.3/sourcery-g++/bin/../lib/gcc/arm-none-eabi/4.4.1/thumb2\libgcc.a(_divdi3.o)
 .ARM.attributes
                0x00000823       0x29 c:/actel/softconsole v3.3/sourcery-g++/bin/../lib/gcc/arm-none-eabi/4.4.1/thumb2\libgcc.a(_udivdi3.o)
 .ARM.attributes
                0x0000084c       0x29 c:/actel/softconsole v3.3/sourcery-g++/bin/../lib/gcc/arm-none-eabi/4.4.1/thumb2/crtend.o
 .ARM.attributes
                0x00000875       0x19 c:/actel/softconsole v3.3/sourcery-g++/bin/../lib/gcc/arm-none-eabi/4.4.1/thumb2/crtn.o

/DISCARD/
 *(.note.GNU-stack)
 *(.isr_vector)
OUTPUT(xBeeTransmit_MSS_MSS_CM3_0_app elf32-littlearm)

.debug_ranges   0x00000000      0x198
 .debug_ranges  0x00000000       0xa0 C:/Users/Ben/Desktop/xBeeTransmit/SoftConsole/xBeeTransmit_MSS_MSS_CM3_0/xBeeTransmit_MSS_MSS_CM3_0_hw_platform/Debug/CMSIS/startup_gcc/newlib_stubs.o
 .debug_ranges  0x000000a0       0xd0 C:\Users\Ben\Desktop\xBeeTransmit\SoftConsole\xBeeTransmit_MSS_MSS_CM3_0\xBeeTransmit_MSS_MSS_CM3_0_hw_platform\Debug\libxBeeTransmit_MSS_MSS_CM3_0_hw_platform.a(mss_uart.o)
 .debug_ranges  0x00000170       0x28 C:\Users\Ben\Desktop\xBeeTransmit\SoftConsole\xBeeTransmit_MSS_MSS_CM3_0\xBeeTransmit_MSS_MSS_CM3_0_hw_platform\Debug\libxBeeTransmit_MSS_MSS_CM3_0_hw_platform.a(system_a2fxxxm3.o)
